Warning: Some timing arcs have been disabled for breaking timing loops or because of constant propagation. Use the 'report_disable_timing' command to get the list of these disabled timing arcs. (PTE-003)
****************************************
Report : timing
	-path_type full
	-delay_type max
	-max_paths 1
	-sort_by slack
Design : sequ_div
Version: O-2018.06-SP1
Date   : Wed Aug 16 07:30:40 2023
****************************************


  Startpoint: divider[1] (input port clocked by clk)
  Endpoint: remainder_quotient_reg_44_
               (rising edge-triggered flip-flop clocked by clk)
  Path Group: INPUTS
  Path Type: max

  Point                                                   Incr       Path
  ------------------------------------------------------------------------------
  clock clk (rise edge)                                   0.00       0.00
  clock network delay (ideal)                             2.00       2.00
  input external delay                                    1.00       3.00 f
  divider[1] (in)                                         0.16       3.16 f
  sub_x_2/U335/Y (INVXL)                                  0.20       3.36 r
  sub_x_2/U306/Y (NOR2XL)                                 0.12       3.48 f
  sub_x_2/U310/Y (OAI21XL)                                0.27       3.74 r
  sub_x_2/U229/Y (AOI21X1)                                0.11       3.85 f
  sub_x_2/U196/Y (OAI21XL)                                0.26       4.11 r
  sub_x_2/U122/Y (AOI21X1)                                0.11       4.22 f
  sub_x_2/U319/Y (OAI21XL)                                0.27       4.49 r
  sub_x_2/U87/Y (AOI21X1)                                 0.14       4.63 f
  sub_x_2/U81/Y (OAI21XL)                                 0.28       4.91 r
  sub_x_2/U73/Y (AOI21X1)                                 0.14       5.05 f
  sub_x_2/U67/Y (OAI21XL)                                 0.28       5.33 r
  sub_x_2/U59/Y (AOI21X1)                                 0.14       5.47 f
  sub_x_2/U320/Y (OAI21XL)                                0.28       5.75 r
  sub_x_2/U45/Y (AOI21X1)                                 0.14       5.89 f
  sub_x_2/U39/Y (OAI21XL)                                 0.27       6.16 r
  sub_x_2/U321/Y (AOI21XL)                                0.17       6.33 f
  sub_x_2/U25/Y (OAI21XL)                                 0.29       6.62 r
  sub_x_2/U17/Y (AOI21X1)                                 0.14       6.75 f
  sub_x_2/U11/Y (OAI21XL)                                 0.27       7.02 r
  sub_x_2/U315/Y (AOI21XL)                                0.12       7.14 f
  sub_x_2/U1/Y (XOR2XL)                                   0.20       7.34 r
  I_7/Y (INVX1)                                           0.09       7.43 f
  U633/Y (NOR2X2)                                         1.07       8.50 r
  U594/Y (AOI22XL)                                        0.11       8.61 f
  U282/Y (OAI21XL)                                        0.18       8.79 r
  U429/Y (MX2X2)                                          0.11       8.91 r
  remainder_quotient_reg_44_/D (SDFFRXL)                  0.00       8.91 r
  data arrival time                                                  8.91

  clock clk (rise edge)                                  10.00      10.00
  clock network delay (ideal)                             0.00      10.00
  clock reconvergence pessimism                           1.00      11.00
  clock uncertainty                                      -0.50      10.50
  remainder_quotient_reg_44_/CK (SDFFRXL)                           10.50 r
  library setup time                                     -0.08      10.42
  data required time                                                10.42
  ------------------------------------------------------------------------------
  data required time                                                10.42
  data arrival time                                                 -8.91
  ------------------------------------------------------------------------------
  slack (MET)                                                        1.52


1
